../Core/Src/flight_algorithm.c:66:6:flight_algorithm_init	8	static
../Core/Src/flight_algorithm.c:74:6:flight_algorithm_reset	4	static
../Core/Src/flight_algorithm.c:95:6:flight_algorithm_update	32	static
../Core/Src/flight_algorithm.c:195:14:calculate_total_acceleration	16	static
../Core/Src/flight_algorithm.c:205:15:flight_algorithm_get_phase	4	static
../Core/Src/flight_algorithm.c:213:10:flight_algorithm_get_status_bits	4	static
../Core/Src/flight_algorithm.c:221:6:flight_algorithm_set_parameters	24	static
../Core/Src/flight_algorithm.c:232:10:flight_algorithm_get_start_time	4	static
../Core/Src/flight_algorithm.c:237:6:deploy_drogue_parachute	8	static
../Core/Src/flight_algorithm.c:246:6:deploy_parachute_update	8	static
../Core/Src/flight_algorithm.c:258:6:deploy_main_parachute	8	static
