../Core/Src/main.c:133:5:main	16	static
../Core/Src/main.c:264:6:SystemClock_Config	88	static
../Core/Src/main.c:311:13:MX_ADC1_Init	24	static
../Core/Src/main.c:363:13:MX_ADC2_Init	24	static
../Core/Src/main.c:415:13:MX_I2C1_Init	8	static
../Core/Src/main.c:449:13:MX_I2C3_Init	8	static
../Core/Src/main.c:483:13:MX_TIM2_Init	32	static
../Core/Src/main.c:528:13:MX_UART4_Init	8	static
../Core/Src/main.c:561:13:MX_UART5_Init	8	static
../Core/Src/main.c:594:13:MX_USART1_UART_Init	8	static
../Core/Src/main.c:627:13:MX_USART2_UART_Init	8	static
../Core/Src/main.c:658:13:MX_DMA_Init	16	static
../Core/Src/main.c:686:13:MX_GPIO_Init	48	static
../Core/Src/main.c:763:6:bme280_begin	8	static
../Core/Src/main.c:774:9:bmi_imu_init	8	static
../Core/Src/main.c:797:6:HAL_GPIO_EXTI_Callback	16	static
../Core/Src/main.c:809:6:HAL_UARTEx_RxEventCallback	16	static
../Core/Src/main.c:821:6:HAL_TIM_PeriodElapsedCallback	16	static
../Core/Src/main.c:829:6:HAL_UART_TxCpltCallback	16	static
../Core/Src/main.c:837:6:uart4_send_packet_dma	16	static
../Core/Src/main.c:845:6:IMU_visual	64	static
../Core/Src/main.c:869:6:read_ADC	16	static
../Core/Src/main.c:877:6:HSD_StatusCheck	16	static
../Core/Src/main.c:895:6:loraBegin	8	static
../Core/Src/main.c:922:6:Error_Handler	4	static,ignoring_inline_asm
