../Core/Src/main.c:132:5:main	16	static
../Core/Src/main.c:255:6:SystemClock_Config	88	static
../Core/Src/main.c:302:13:MX_ADC1_Init	24	static
../Core/Src/main.c:354:13:MX_ADC2_Init	24	static
../Core/Src/main.c:406:13:MX_I2C1_Init	8	static
../Core/Src/main.c:440:13:MX_I2C3_Init	8	static
../Core/Src/main.c:474:13:MX_TIM2_Init	32	static
../Core/Src/main.c:519:13:MX_UART5_Init	8	static
../Core/Src/main.c:552:13:MX_USART1_UART_Init	8	static
../Core/Src/main.c:583:13:MX_DMA_Init	16	static
../Core/Src/main.c:610:13:MX_GPIO_Init	48	static
../Core/Src/main.c:681:6:bme280_begin	8	static
../Core/Src/main.c:692:9:bmi_imu_init	8	static
../Core/Src/main.c:715:6:HAL_GPIO_EXTI_Callback	16	static
../Core/Src/main.c:727:6:HAL_UARTEx_RxEventCallback	16	static
../Core/Src/main.c:739:6:HAL_TIM_PeriodElapsedCallback	16	static
../Core/Src/main.c:747:6:HAL_UART_TxCpltCallback	16	static
../Core/Src/main.c:755:6:uart1_send_packet_dma	16	static
../Core/Src/main.c:763:6:IMU_visual	64	static
../Core/Src/main.c:786:6:read_ADC	32	static
../Core/Src/main.c:808:6:Error_Handler	4	static,ignoring_inline_asm
