../Core/Src/main.c:109:5:main	16	static
../Core/Src/main.c:238:6:SystemClock_Config	88	static
../Core/Src/main.c:285:13:MX_I2C1_Init	8	static
../Core/Src/main.c:319:13:MX_I2C3_Init	8	static
../Core/Src/main.c:353:13:MX_TIM2_Init	32	static
../Core/Src/main.c:398:13:MX_UART5_Init	8	static
../Core/Src/main.c:431:13:MX_USART1_UART_Init	8	static
../Core/Src/main.c:462:13:MX_DMA_Init	16	static
../Core/Src/main.c:483:13:MX_GPIO_Init	48	static
../Core/Src/main.c:531:6:bme280_begin	8	static
../Core/Src/main.c:541:6:bmi088_begin	8	static
../Core/Src/main.c:558:6:HAL_GPIO_EXTI_Callback	16	static
../Core/Src/main.c:571:6:HAL_UARTEx_RxEventCallback	16	static
../Core/Src/main.c:583:6:HAL_TIM_PeriodElapsedCallback	16	static
../Core/Src/main.c:591:6:HAL_UART_TxCpltCallback	16	static
../Core/Src/main.c:599:6:uart1_send_packet_dma	16	static
../Core/Src/main.c:607:6:IMU_visual	64	static
../Core/Src/main.c:635:6:Error_Handler	4	static,ignoring_inline_asm
