../Core/Src/main.c:124:5:main	16	static
../Core/Src/main.c:250:6:SystemClock_Config	88	static
../Core/Src/main.c:297:13:MX_ADC1_Init	24	static
../Core/Src/main.c:349:13:MX_ADC2_Init	24	static
../Core/Src/main.c:401:13:MX_I2C1_Init	8	static
../Core/Src/main.c:435:13:MX_I2C3_Init	8	static
../Core/Src/main.c:469:13:MX_TIM2_Init	32	static
../Core/Src/main.c:514:13:MX_UART5_Init	8	static
../Core/Src/main.c:547:13:MX_USART1_UART_Init	8	static
../Core/Src/main.c:578:13:MX_DMA_Init	16	static
../Core/Src/main.c:605:13:MX_GPIO_Init	48	static
../Core/Src/main.c:682:6:bme280_begin	8	static
../Core/Src/main.c:693:9:bmi_imu_init	8	static
../Core/Src/main.c:716:6:HAL_GPIO_EXTI_Callback	16	static
../Core/Src/main.c:728:6:HAL_UARTEx_RxEventCallback	16	static
../Core/Src/main.c:740:6:HAL_TIM_PeriodElapsedCallback	16	static
../Core/Src/main.c:748:6:HAL_UART_TxCpltCallback	16	static
../Core/Src/main.c:756:6:uart1_send_packet_dma	16	static
../Core/Src/main.c:764:6:IMU_visual	64	static
../Core/Src/main.c:787:6:read_ADC	16	static
../Core/Src/main.c:795:6:HSD_StatusCheck	16	static
../Core/Src/main.c:818:6:Error_Handler	4	static,ignoring_inline_asm
