../Core/Src/uart_handler.c:26:6:uart_handler_init	8	static
../Core/Src/uart_handler.c:37:6:uart_handler_process_packets	8	static
../Core/Src/uart_handler.c:60:6:process_command_packet	24	static
../Core/Src/uart_handler.c:88:6:process_sut_packet	24	static
../Core/Src/uart_handler.c:115:14:uart_handler_get_mode	4	static
../Core/Src/uart_handler.c:123:9:uart_handler_command_ready	4	static
../Core/Src/uart_handler.c:131:9:uart_handler_sut_data_ready	4	static
../Core/Src/uart_handler.c:139:9:uart_handler_get_sut_data	16	static
../Core/Src/uart_handler.c:150:6:uart_handler_clear_command_flag	4	static
../Core/Src/uart_handler.c:158:6:uart_handler_clear_sut_flag	4	static
../Core/Src/uart_handler.c:166:6:uart_handler_send_status	16	static
